=== Executando Scraper FoxxPI em Tue Sep 29 10:05:06 -03 2026 ===
[FoxxPI Scraper] Erro durante a varredura da homepage: 2003 (HY000): Can't connect to MySQL server on 'localhost:3306' (111)
=== Concluído em Tue Sep 29 10:05:09 -03 2026 ===
=== Executando Scraper FoxxPI em Tue Sep 29 10:12:00 -03 2026 ===
Traceback (most recent call last):
  File "/home/joao/foxxpi/backend/scraper.py", line 85, in <module>
    monitorar_homepage()
    ~~~~~~~~~~~~~~~~~~^^
  File "/home/joao/foxxpi/backend/scraper.py", line 42, in monitorar_homepage
    soup = BeautifulSoup(response.text, 'html.parser')
  File "/home/joao/.local/lib/python3.14/site-packages/bs4/__init__.py", line 476, in __init__
    self._feed()
    ~~~~~~~~~~^^
  File "/home/joao/.local/lib/python3.14/site-packages/bs4/__init__.py", line 666, in _feed
    self.builder.feed(self.markup)
    ~~~~~~~~~~~~~~~~~^^^^^^^^^^^^^
  File "/home/joao/.local/lib/python3.14/site-packages/bs4/builder/_htmlparser.py", line 510, in feed
    parser.feed(markup)
    ~~~~~~~~~~~^^^^^^^^
  File "/usr/lib/python3.14/html/parser.py", line 187, in feed
    self.goahead(0)
    ~~~~~~~~~~~~^^^
  File "/usr/lib/python3.14/html/parser.py", line 279, in goahead
    k = self.parse_starttag(i)
  File "/usr/lib/python3.14/html/parser.py", line 493, in parse_starttag
    self.handle_starttag(tag, attrs)
    ~~~~~~~~~~~~~~~~~~~~^^^^^^^^^^^^
  File "/home/joao/.local/lib/python3.14/site-packages/bs4/builder/_htmlparser.py", line 188, in handle_starttag
    tagObj = self.soup.handle_starttag(
        tag, None, None, attr_dict, sourceline=sourceline, sourcepos=sourcepos
    )
  File "/home/joao/.local/lib/python3.14/site-packages/bs4/__init__.py", line 1027, in handle_starttag
    self.endData()
    ~~~~~~~~~~~~^^
  File "/home/joao/.local/lib/python3.14/site-packages/bs4/__init__.py", line 851, in endData
    if i not in self.ASCII_SPACES:
       ^^^^^^^^^^^^^^^^^^^^^^^^^^
KeyboardInterrupt
=== Executando Scraper FoxxPI em Tue Sep 29 10:24:21 -03 2026 ===
[FoxxPI Scraper] Homepage varrida com sucesso. Novas entradas: 0
=== Concluído em Tue Sep 29 10:24:23 -03 2026 ===
=== Executando Scraper FoxxPI em Tue Sep 29 10:41:04 -03 2026 ===
[FoxxPI Scraper] Homepage varrida com sucesso. Novas entradas: 0
=== Concluído em Tue Sep 29 10:41:05 -03 2026 ===
=== Executando Scraper FoxxPI em Tue Sep 29 10:41:32 -03 2026 ===
[FoxxPI Scraper] Erro durante a varredura da homepage: 2013 (HY000): Lost connection to MySQL server at 'reading initial communication packet', system error: 0
=== Concluído em Tue Sep 29 10:41:37 -03 2026 ===
=== Executando Scraper FoxxPI em Tue Sep 29 10:44:24 -03 2026 ===
[FoxxPI DB] Tentativa 1 de conexão falhou. Tentando novamente em 2s...
[FoxxPI Scraper] Homepage varrida com sucesso. Novas entradas: 0
=== Concluído em Tue Sep 29 10:44:31 -03 2026 ===
=== Executando Scraper FoxxPI em Tue Sep 29 10:47:13 -03 2026 ===
[FoxxPI DB] Tentativa 1 de conexão falhou. Tentando novamente em 2s...
[FoxxPI Scraper] Homepage varrida com sucesso. Novas entradas: 0
=== Concluído em Tue Sep 29 10:47:20 -03 2026 ===
=== Executando Scraper FoxxPI em Tue Sep 29 10:54:13 -03 2026 ===
=== Concluído em Tue Sep 29 10:54:17 -03 2026 ===
=== Executando Scraper FoxxPI em Tue Sep 29 10:56:37 -03 2026 ===
[FoxxPI DB] Tentativa 1 de conexão falhou. Tentando novamente em 2s...
[FoxxPI Scraper] Homepage varrida com sucesso. Novas entradas: 0
=== Concluído em Tue Sep 29 10:56:43 -03 2026 ===
=== Executando Scraper FoxxPI em ter 29 set 2026 13:31:58 -03 ===
Traceback (most recent call last):
  File "/home/joao/Estudos_Eng_Software/foxxpi/backend/scraper.py", line 5, in <module>
    from database import obter_conexao
  File "/home/joao/Estudos_Eng_Software/foxxpi/backend/database.py", line 2, in <module>
    import mysql.connector
ModuleNotFoundError: No module named 'mysql'
=== Concluído em ter 29 set 2026 13:32:02 -03 ===
